2026-04-20 11:44:34 - Attempting to generate document for request ID: 58
2026-04-20 11:44:34 - File will be saved to: C:\xampp\htdocs\BRITE\generated_documents\Barangay_Clearance_Raymond_Guevarra_2026-04-20_1776678274.pdf
2026-04-20 11:44:35 - Document generated successfully: Barangay_Clearance_Raymond_Guevarra_2026-04-20_1776678274.pdf
2026-04-20 12:26:41 - Attempting to generate document for request ID: 59
2026-04-20 12:26:41 - File will be saved to: C:\xampp\htdocs\BRITE\generated_documents\Barangay_Clearance_Mon_Lodi_2026-04-20_1776680801.pdf
2026-04-20 12:26:41 - Document generated successfully: Barangay_Clearance_Mon_Lodi_2026-04-20_1776680801.pdf
2026-04-21 11:36:45 - Attempting to generate document for request ID: 60
2026-04-21 11:36:45 - File will be saved to: C:\xampp\htdocs\BRITE\generated_documents\Barangay_Clearance_Mon_Lodi_2026-04-21_1776764205.pdf
2026-04-21 11:36:45 - Document generated successfully: Barangay_Clearance_Mon_Lodi_2026-04-21_1776764205.pdf
2026-04-28 04:38:43 - Attempting to generate document for request ID: 61
2026-04-28 04:38:43 - File will be saved to: C:\xampp\htdocs\BRITE\generated_documents\Barangay_Clearance_Raymond_Guevarra_2026-04-28_1777343923.pdf
2026-04-28 04:38:43 - Document generated successfully: Barangay_Clearance_Raymond_Guevarra_2026-04-28_1777343923.pdf
2026-04-28 04:54:39 - Attempting to generate document for request ID: 62
2026-04-28 04:54:39 - File will be saved to: C:\xampp\htdocs\BRITE\generated_documents\Barangay_Clearance_Raymond_Guevarra_2026-04-28_1777344879.pdf
2026-04-28 04:54:39 - Document generated successfully: Barangay_Clearance_Raymond_Guevarra_2026-04-28_1777344879.pdf
2026-04-28 04:57:07 - Attempting to generate document for request ID: 63
2026-04-28 04:57:07 - File will be saved to: C:\xampp\htdocs\BRITE\generated_documents\Barangay_Clearance_Raymond_Guevarra_2026-04-28_1777345027.pdf
2026-04-28 04:57:07 - Document generated successfully: Barangay_Clearance_Raymond_Guevarra_2026-04-28_1777345027.pdf
2026-04-28 04:58:36 - Attempting to generate document for request ID: 64
2026-04-28 04:58:36 - File will be saved to: C:\xampp\htdocs\BRITE\generated_documents\Barangay_Clearance_Raymond_Guevarra_2026-04-28_1777345116.pdf
2026-04-28 04:58:36 - Document generated successfully: Barangay_Clearance_Raymond_Guevarra_2026-04-28_1777345116.pdf
2026-05-12 07:09:56 - Attempting to generate document for request ID: 65
2026-05-12 07:09:56 - File will be saved to: C:\xampp\htdocs\BRITE\generated_documents\Barangay_Clearance_Raymond_Guevarra_2026-05-12_1778562596.pdf
2026-05-12 07:09:56 - Document generated successfully: Barangay_Clearance_Raymond_Guevarra_2026-05-12_1778562596.pdf
2026-05-12 07:22:33 - Attempting to generate document for request ID: 65
2026-05-12 07:22:33 - File will be saved to: C:\xampp\htdocs\BRITE\generated_documents\Barangay_Clearance_Raymond_Guevarra_2026-05-12_1778563353.pdf
2026-05-12 07:22:33 - Document generated successfully: Barangay_Clearance_Raymond_Guevarra_2026-05-12_1778563353.pdf
2026-05-12 07:31:37 - Attempting to generate document for request ID: 65
2026-05-12 07:31:37 - File will be saved to: C:\xampp\htdocs\BRITE\generated_documents\Barangay_Clearance_Raymond_Guevarra_2026-05-12_1778563897.pdf
2026-05-12 07:31:37 - Document generated successfully: Barangay_Clearance_Raymond_Guevarra_2026-05-12_1778563897.pdf
2026-05-12 07:56:37 - Attempting to generate document for request ID: 65
2026-05-12 07:56:37 - File will be saved to: C:\xampp\htdocs\BRITE\generated_documents\Barangay_Clearance_Raymond_Guevarra_2026-05-12_1778565397.pdf
2026-05-12 07:56:37 - Document generated successfully: Barangay_Clearance_Raymond_Guevarra_2026-05-12_1778565397.pdf
2026-05-12 08:02:51 - Attempting to generate document for request ID: 65
2026-05-12 08:02:51 - File will be saved to: C:\xampp\htdocs\BRITE\generated_documents\Barangay_Clearance_Raymond_Guevarra_2026-05-12_1778565771.pdf
2026-05-12 08:02:52 - Document generated successfully: Barangay_Clearance_Raymond_Guevarra_2026-05-12_1778565771.pdf
2026-05-19 11:03:28 - Attempting to generate document for request ID: 67
2026-05-19 11:03:28 - File will be saved to: C:\xampp\htdocs\BRITE\generated_documents\Barangay_ID_Raymond_Guevarra_2026-05-19_1779181408.pdf
2026-05-19 11:03:28 - Document generated successfully: Barangay_ID_Raymond_Guevarra_2026-05-19_1779181408.pdf
2026-05-20 02:47:14 - Attempting to generate document for request ID: 68
2026-05-20 02:47:14 - File will be saved to: C:\xampp\htdocs\BRITE\generated_documents\Barangay_Clearance_Raymond_Guevarra_2026-05-20_1779238034.pdf
2026-05-20 02:47:14 - Document generated successfully: Barangay_Clearance_Raymond_Guevarra_2026-05-20_1779238034.pdf
2026-07-19 09:14:10 - Attempting to generate document for request ID: 75
2026-07-19 09:14:10 - File will be saved to: C:\xampp\htdocs\BRITE\generated_documents\Barangay_Clearance_Raymond_Guevarra_2026-07-19_1784445250.pdf
2026-07-19 09:14:10 - Document generated successfully: Barangay_Clearance_Raymond_Guevarra_2026-07-19_1784445250.pdf
2026-07-19 09:30:31 - Attempting to generate document for request ID: 76
2026-07-19 09:30:31 - File will be saved to: C:\xampp\htdocs\BRITE\generated_documents\Barangay_Clearance_Raymond_Guevarra_2026-07-19_1784446231.pdf
2026-07-19 09:30:32 - Document generated successfully: Barangay_Clearance_Raymond_Guevarra_2026-07-19_1784446231.pdf
2026-07-19 09:31:06 - Attempting to generate document for request ID: 77
2026-07-19 09:31:06 - File will be saved to: C:\xampp\htdocs\BRITE\generated_documents\Barangay_Clearance_Raymond_Guevarra_2026-07-19_1784446266.pdf
2026-07-19 09:31:06 - Document generated successfully: Barangay_Clearance_Raymond_Guevarra_2026-07-19_1784446266.pdf
2026-07-19 09:35:11 - Attempting to generate document for request ID: 78
2026-07-19 09:35:11 - File will be saved to: C:\xampp\htdocs\BRITE\generated_documents\Barangay_Clearance_Raymond_Guevarra_2026-07-19_1784446511.pdf
2026-07-19 09:35:11 - Document generated successfully: Barangay_Clearance_Raymond_Guevarra_2026-07-19_1784446511.pdf
2026-07-19 09:35:49 - Attempting to generate document for request ID: 79
2026-07-19 09:35:49 - File will be saved to: C:\xampp\htdocs\BRITE\generated_documents\Barangay_Clearance_Raymond_Guevarra_2026-07-19_1784446549.pdf
2026-07-19 09:35:49 - Document generated successfully: Barangay_Clearance_Raymond_Guevarra_2026-07-19_1784446549.pdf
2026-07-19 09:38:47 - Attempting to generate document for request ID: 80
2026-07-19 09:38:47 - File will be saved to: C:\xampp\htdocs\BRITE\generated_documents\Barangay_Clearance_Raymond_Guevarra_2026-07-19_1784446727.pdf
2026-07-19 09:38:47 - Document generated successfully: Barangay_Clearance_Raymond_Guevarra_2026-07-19_1784446727.pdf
2026-07-19 09:41:07 - Attempting to generate document for request ID: 81
2026-07-19 09:41:07 - File will be saved to: C:\xampp\htdocs\BRITE\generated_documents\Barangay_Clearance_Raymond_Guevarra_2026-07-19_1784446867.pdf
2026-07-19 09:41:07 - Document generated successfully: Barangay_Clearance_Raymond_Guevarra_2026-07-19_1784446867.pdf
2026-07-19 09:46:06 - Attempting to generate document for request ID: 82
2026-07-19 09:46:06 - File will be saved to: C:\xampp\htdocs\BRITE\generated_documents\Barangay_Clearance_Raymond_Guevarra_2026-07-19_1784447166.pdf
2026-07-19 09:46:06 - Document generated successfully: Barangay_Clearance_Raymond_Guevarra_2026-07-19_1784447166.pdf
2026-07-19 09:48:40 - Attempting to generate document for request ID: 83
2026-07-19 09:48:40 - File will be saved to: C:\xampp\htdocs\BRITE\generated_documents\Barangay_Clearance_Raymond_Guevarra_2026-07-19_1784447320.pdf
2026-07-19 09:48:40 - Document generated successfully: Barangay_Clearance_Raymond_Guevarra_2026-07-19_1784447320.pdf
2026-08-03 09:26:29 - Attempting to generate document for request ID: 85
2026-08-03 09:26:29 - File will be saved to: C:\xampp\htdocs\BRITE\generated_documents\Barangay_Clearance_Raymond_Guevarra_2026-08-03_1785741989.pdf
2026-08-03 09:26:31 - Document generated successfully: Barangay_Clearance_Raymond_Guevarra_2026-08-03_1785741989.pdf
2026-08-08 16:29:26 - Attempting to generate document for request ID: 86
2026-08-08 16:29:26 - File will be saved to: C:\xampp\htdocs\BRITE\generated_documents\Barangay_Clearance_Raymond_Guevarra_2026-08-08_1786199366.pdf
2026-08-08 16:29:27 - Document generated successfully: Barangay_Clearance_Raymond_Guevarra_2026-08-08_1786199366.pdf
2026-09-10 07:55:58 - Attempting to generate document for request ID: 87
2026-09-10 07:55:58 - File will be saved to: C:\xampp\htdocs\BRITE\generated_documents\Barangay_Clearance_Raymond_Guevarra_2026-09-10_1789019758.pdf
2026-09-10 07:55:58 - Document generated successfully: Barangay_Clearance_Raymond_Guevarra_2026-09-10_1789019758.pdf
2026-09-10 08:12:24 - Attempting to generate document for request ID: 88
2026-09-10 08:12:24 - File will be saved to: C:\xampp\htdocs\BRITE\generated_documents\Barangay_Clearance_Raymond_Guevarra_2026-09-10_1789020744.pdf
2026-09-10 08:12:24 - Document generated successfully: Barangay_Clearance_Raymond_Guevarra_2026-09-10_1789020744.pdf
2026-09-14 11:28:48 - Attempting to generate document for request ID: 89
2026-09-14 11:28:48 - File will be saved to: C:\xampp\htdocs\BRITE\generated_documents\Barangay_Clearance_Raymond_Guevarra_2026-09-14_1789378128.pdf
2026-09-14 11:28:49 - Document generated successfully: Barangay_Clearance_Raymond_Guevarra_2026-09-14_1789378128.pdf
2026-09-21 11:44:34 - Attempting to generate document for request ID: 90
2026-09-21 11:44:34 - File will be saved to: C:\xampp\htdocs\BRITE\generated_documents\Barangay_Clearance_Raymond_Guevarra_2026-09-21_1789983874.pdf
2026-09-21 11:44:36 - Document generated successfully: Barangay_Clearance_Raymond_Guevarra_2026-09-21_1789983874.pdf
2026-09-21 12:31:00 - Attempting to generate document for request ID: 91
2026-09-21 12:31:00 - File will be saved to: C:\xampp\htdocs\BRITE\generated_documents\Barangay_Clearance_Raymond_Guevarra_2026-09-21_1789986660.pdf
2026-09-21 12:31:00 - Document generated successfully: Barangay_Clearance_Raymond_Guevarra_2026-09-21_1789986660.pdf
2026-09-21 12:53:49 - Attempting to generate document for request ID: 92
2026-09-21 12:53:49 - File will be saved to: C:\xampp\htdocs\BRITE\generated_documents\Barangay_Clearance_Raymond_Guevarra_2026-09-21_1789988029.pdf
2026-09-21 12:53:50 - Document generated successfully: Barangay_Clearance_Raymond_Guevarra_2026-09-21_1789988029.pdf
2026-09-21 13:15:52 - Attempting to generate document for request ID: 93
2026-09-21 13:15:52 - File will be saved to: C:\xampp\htdocs\BRITE\generated_documents\Barangay_Clearance_Raymond_Guevarra_2026-09-21_1789989352.pdf
2026-09-21 13:15:53 - Document generated successfully: Barangay_Clearance_Raymond_Guevarra_2026-09-21_1789989352.pdf
2026-09-21 13:32:52 - Attempting to generate document for request ID: 93
2026-09-21 13:32:52 - File will be saved to: C:\xampp\htdocs\BRITE\generated_documents\Barangay_Clearance_Raymond_Guevarra_2026-09-21_1789990372.pdf
2026-09-21 13:32:52 - Document generated successfully: Barangay_Clearance_Raymond_Guevarra_2026-09-21_1789990372.pdf
2026-10-02 07:25:58 - Attempting to generate document for request ID: 98
2026-10-02 07:25:58 - File will be saved to: C:\xampp\htdocs\BRITE\generated_documents\Barangay_Clearance_Raymond_Guevarra_2026-10-02_1790918758.pdf
2026-10-02 07:25:59 - Document generated successfully: Barangay_Clearance_Raymond_Guevarra_2026-10-02_1790918758.pdf
