=== 2026-04-08 12:48:40 ===
Request ID: 40
Data keys: Array
(
    [0] => full_name
    [1] => birthdate
    [2] => civil_status
    [3] => house_number
    [4] => purok
    [5] => children
    [6] => purpose
)

Children data: [{\"full_name\":\"mon\",\"age\":\"5\",\"birthdate\":\"2019-06-04\"},{\"full_name\":\"moniiee\",\"age\":\"5\",\"birthdate\":\"2015-06-09\"}]
Full custom_data: Array
(
    [full_name] => Raymond Guevarra
    [birthdate] => 2007-06-05
    [civil_status] => Single
    [house_number] => 12
    [purok] => Purok 2
    [children] => [{\"full_name\":\"mon\",\"age\":\"5\",\"birthdate\":\"2019-06-04\"},{\"full_name\":\"moniiee\",\"age\":\"5\",\"birthdate\":\"2015-06-09\"}]
    [purpose] => Parental Death
)


